// Jest Snapshot v1, https://goo.gl/fbAQLP

exports[`test Input Field component snapshot testing 1`] = `
<input
  class="inputField"
  placeholder="Country Name"
/>
`;
